// Jest Snapshot v1, https://goo.gl/fbAQLP

exports[`disable blur filter 1`] = `"data:image/svg+xml,%3csvg fill='none' viewBox='0 0 1000 600' xmlns='http://www.w3.org/2000/svg' xmlns:xlink='http://www.w3.org/1999/xlink'%3e%3c/svg%3e"`;

exports[`disable lazy loading 1`] = `"<img class=\\"g-image\\" src=\\"/assets/static/1000x600.97c148e.test.png\\" width=\\"1000\\">"`;

exports[`generate srcset for image 1`] = `"data:image/svg+xml,%3csvg fill='none' viewBox='0 0 1000 600' xmlns='http://www.w3.org/2000/svg' xmlns:xlink='http://www.w3.org/1999/xlink'%3e%3cdefs%3e%3cfilter id='__svg-blur-0'%3e%3cfeGaussianBlur in='SourceGraphic' stdDeviation='40'/%3e%3c/filter%3e%3c/defs%3e%3cimage x='0' y='0' filter='url(%23__svg-blur-0)' width='1000' height='600' xlink:href='data:image/png%3bbase64%2ciVBORw0KGgoAAAANSUhEUgAAAEAAAAAmCAIAAAD7pgrOAAAACXBIWXMAAA7EAAAOxAGVKw4bAAABlUlEQVRYw%2b2X246CQAyGff/XIOFCkZMCgggqJxVRfKP9wkTCXuxesFlWs%2b0F6ZR/Qr%2b2QGZ2fXObCYAACIAACIAACIAACMC/Bmia5itntPLXAZrOlH8%2bn5XfO5fLpVfWdd1vQcAt5fSRvwHgwev1mmuSJPP5/Hg8KifP8ziOF4sFjoK53W4q19PpZNt2EARFURiGEUURGrZst1s0PecUAGRDEjy7LEvf98nD8zwcgqvVarPZZFlGom3b7na7uDN8MnZdF1SUCJCxZC/LYcemAKBa9/udhFQeLOkGeXDLcZwwDEkIJDQQapp2OBwejwcR1QEgaR3bWbKXCM0Z/TKMHCGarkrO49M09Tvb7/dkCRIR1QEIdV1nugAAjDgDAyRKBGCrLaPn50cvMdlQaUZiuVxCQplxqqoibpomtacDpE6cEQKYMluWBQblR8B0IcZBP/U7MPwCNk8b%2bsrI6Zu7Q3v1H1lf3bqzYUT%2bxAIgAAIgAAIgAAIgAALwwsYponga50%2bOEFw5bOBwWuJo8QYdqD/bMIL/AQIwoB3Jr4vYAAAAAElFTkSuQmCC' /%3e%3c/svg%3e"`;

exports[`generate srcset for image 2`] = `"<img class=\\"g-image g-image--lazy g-image--loading\\" src=\\"data:image/svg+xml,%3csvg fill='none' viewBox='0 0 1000 600' xmlns='http://www.w3.org/2000/svg' xmlns:xlink='http://www.w3.org/1999/xlink'%3e%3cdefs%3e%3cfilter id='__svg-blur-0'%3e%3cfeGaussianBlur in='SourceGraphic' stdDeviation='40'/%3e%3c/filter%3e%3c/defs%3e%3cimage x='0' y='0' filter='url(%23__svg-blur-0)' width='1000' height='600' xlink:href='data:image/png%3bbase64%2ciVBORw0KGgoAAAANSUhEUgAAAEAAAAAmCAIAAAD7pgrOAAAACXBIWXMAAA7EAAAOxAGVKw4bAAABlUlEQVRYw%2b2X246CQAyGff/XIOFCkZMCgggqJxVRfKP9wkTCXuxesFlWs%2b0F6ZR/Qr%2b2QGZ2fXObCYAACIAACIAACIAACMC/Bmia5itntPLXAZrOlH8%2bn5XfO5fLpVfWdd1vQcAt5fSRvwHgwev1mmuSJPP5/Hg8KifP8ziOF4sFjoK53W4q19PpZNt2EARFURiGEUURGrZst1s0PecUAGRDEjy7LEvf98nD8zwcgqvVarPZZFlGom3b7na7uDN8MnZdF1SUCJCxZC/LYcemAKBa9/udhFQeLOkGeXDLcZwwDEkIJDQQapp2OBwejwcR1QEgaR3bWbKXCM0Z/TKMHCGarkrO49M09Tvb7/dkCRIR1QEIdV1nugAAjDgDAyRKBGCrLaPn50cvMdlQaUZiuVxCQplxqqoibpomtacDpE6cEQKYMluWBQblR8B0IcZBP/U7MPwCNk8b%2bsrI6Zu7Q3v1H1lf3bqzYUT%2bxAIgAAIgAAIgAAIgAALwwsYponga50%2bOEFw5bOBwWuJo8QYdqD/bMIL/AQIwoB3Jr4vYAAAAAElFTkSuQmCC' /%3e%3c/svg%3e\\" width=\\"1000\\" data-srcset=\\"/assets/static/1000x600.82a2fbd.test.png 480w, /assets/static/1000x600.97c148e.test.png 1000w\\" data-sizes=\\"(max-width: 1000px) 100vw, 1000px\\" data-src=\\"/assets/static/1000x600.97c148e.test.png\\">"`;

exports[`generate srcset for image 3`] = `"<noscript><img class=\\"g-image g-image--lazy g-image--loaded\\" src=\\"/assets/static/1000x600.97c148e.test.png\\" width=\\"1000\\"></noscript>"`;

exports[`resize image by width attribute 1`] = `"data:image/svg+xml,%3csvg fill='none' viewBox='0 0 300 180' xmlns='http://www.w3.org/2000/svg' xmlns:xlink='http://www.w3.org/1999/xlink'%3e%3cdefs%3e%3cfilter id='__svg-blur-0'%3e%3cfeGaussianBlur in='SourceGraphic' stdDeviation='40'/%3e%3c/filter%3e%3c/defs%3e%3cimage x='0' y='0' filter='url(%23__svg-blur-0)' width='300' height='180' xlink:href='data:image/png%3bbase64%2ciVBORw0KGgoAAAANSUhEUgAAAEAAAAAmCAIAAAD7pgrOAAAACXBIWXMAAA7EAAAOxAGVKw4bAAABlUlEQVRYw%2b2X246CQAyGff/XIOFCkZMCgggqJxVRfKP9wkTCXuxesFlWs%2b0F6ZR/Qr%2b2QGZ2fXObCYAACIAACIAACIAACMC/Bmia5itntPLXAZrOlH8%2bn5XfO5fLpVfWdd1vQcAt5fSRvwHgwev1mmuSJPP5/Hg8KifP8ziOF4sFjoK53W4q19PpZNt2EARFURiGEUURGrZst1s0PecUAGRDEjy7LEvf98nD8zwcgqvVarPZZFlGom3b7na7uDN8MnZdF1SUCJCxZC/LYcemAKBa9/udhFQeLOkGeXDLcZwwDEkIJDQQapp2OBwejwcR1QEgaR3bWbKXCM0Z/TKMHCGarkrO49M09Tvb7/dkCRIR1QEIdV1nugAAjDgDAyRKBGCrLaPn50cvMdlQaUZiuVxCQplxqqoibpomtacDpE6cEQKYMluWBQblR8B0IcZBP/U7MPwCNk8b%2bsrI6Zu7Q3v1H1lf3bqzYUT%2bxAIgAAIgAAIgAAIgAALwwsYponga50%2bOEFw5bOBwWuJo8QYdqD/bMIL/AQIwoB3Jr4vYAAAAAElFTkSuQmCC' /%3e%3c/svg%3e"`;

exports[`skip srcset and dataUri 1`] = `"<img class=\\"g-image\\" src=\\"/assets/static/1000x600.97c148e.test.png\\" width=\\"1000\\">"`;
