// Jest Snapshot v1, https://goo.gl/fbAQLP

exports[`disable blur filter 1`] = `"data:image/png;base64,iVBORw0KGgoAAAANSUhEUgAAABgAAAAOCAMAAAACJixMAAAABlBMVEXMzMy+vr5KbP3DAAAACXBIWXMAAA7EAAAOxAGVKw4bAAAAGklEQVQYlWNgGMyAkZGREUZiSIDBADmMSAAADPUAEl9Gig0AAAAASUVORK5CYII="`;

exports[`disable lazy loading 1`] = `"<img class=\\"g-image\\" src=\\"/assets/static/1000x600.97c148e.test.png\\" width=\\"1000\\" height=\\"600\\">"`;

exports[`generate srcset for image 1`] = `"data:image/png;base64,iVBORw0KGgoAAAANSUhEUgAAABgAAAAOCAMAAAACJixMAAAABlBMVEXLy8vOzs5TVUlIAAAACXBIWXMAAA7EAAAOxAGVKw4bAAAAKklEQVQYlWNgxAEYKJBgAAFGdAmwKATglICJ0FIC3blo4iT7nAGbBEQQAK8lAPsgd+weAAAAAElFTkSuQmCC"`;

exports[`generate srcset for image 2`] = `"<img class=\\"g-image g-image--lazy g-image--loading\\" src=\\"data:image/png;base64,iVBORw0KGgoAAAANSUhEUgAAABgAAAAOCAMAAAACJixMAAAABlBMVEXLy8vOzs5TVUlIAAAACXBIWXMAAA7EAAAOxAGVKw4bAAAAKklEQVQYlWNgxAEYKJBgAAFGdAmwKATglICJ0FIC3blo4iT7nAGbBEQQAK8lAPsgd+weAAAAAElFTkSuQmCC\\" width=\\"1000\\" height=\\"600\\" data-srcset=\\"/assets/static/1000x600.82a2fbd.test.png 480w, /assets/static/1000x600.97c148e.test.png 1000w\\" data-sizes=\\"(max-width: 1000px) 100vw, 1000px\\" data-src=\\"/assets/static/1000x600.97c148e.test.png\\">"`;

exports[`generate srcset for image 3`] = `"<noscript><img class=\\"g-image g-image--lazy g-image--loaded\\" src=\\"/assets/static/1000x600.97c148e.test.png\\" width=\\"1000\\" height=\\"600\\"></noscript>"`;

exports[`placeholder with dominant 1`] = `"data:image/svg+xml;base64,PHN2ZyBmaWxsPSIjQzhDOEM4IiB2aWV3Qm94PSIwIDAgMTAwMCA2MDAiIHhtbG5zPSJodHRwOi8vd3d3LnczLm9yZy8yMDAwL3N2ZyI+PHBhdGggZD0iTTAgMGgxMDAwdjYwMEgweiIvPjwvc3ZnPg=="`;

exports[`placeholder with trace 1`] = `"data:image/svg+xml;base64,PHN2ZyB4bWxucz0iaHR0cDovL3d3dy53My5vcmcvMjAwMC9zdmciIHdpZHRoPSIyNDAiIGhlaWdodD0iMTQwIj48cGF0aCBkPSJNNzIgNjRjLTIgMi0yIDMgMCAzbDEgNiAxIDYgMS04LTEtOS0yIDJtOSAwLTEgN2MwIDUgMSA4IDQgOHM0LTMgNC04YzAtNi0xLTktNC05bC0zIDJtMTEgMC0xIDdjMCA1IDEgOCA0IDhzNC0zIDQtOGMwLTYtMS05LTQtOWwtMyAybTExIDBjLTIgMi0yIDEyIDAgMTRzNSAxIDctMmMxLTMgMS0xMC0xLTEzLTItMS00LTEtNiAxbTMyLTFjLTIgMy0yIDEwLTEgMTMgMiA1IDggNCA4LTMgMC0zLTItNS01LTUtMiAxLTIgMS0xLTIgMS0yIDMtMyA1IDBoMWMwLTQtNS01LTctM20xMSAwYy0yIDMtMiA4LTEgMTIgMSAzIDIgNCA0IDRsMy0yVjY0Yy0xLTItNC0zLTYtMW0xMSAxYy0yIDMtMiA5LTEgMTIgMSA0IDUgNCA3IDFWNjRjLTEtMy01LTMtNiAwbS03NSAyYy0yIDQtMSAxMSAyIDExbDMtNGMxLTYtMy0xMi01LTdtMTEgMGMtMiA0LTEgMTEgMiAxMWwzLTRjMS02LTMtMTItNS03bTExIDBjLTIgNC0xIDExIDIgMTEgMiAwIDMtMiAzLTYgMC02LTMtOS01LTVtNDMgMHYxMGMzIDQgNi00IDQtOS0xLTMtMy00LTQtMW0xMCAwdjdjMCAzIDEgNCAzIDQgMSAwIDItMSAyLTZzLTEtNy0yLTdsLTMgMm0tMzkgMSAxIDNjMiAyIDIgMyAwIDV2NGgxbDEtM2gybDEgM2gxdi00Yy0yLTItMi0zIDAtNXYtNGwtMSAyLTIgMi0xLTJjLTEtMi0zLTMtMy0xbTE4IDRjLTIgMy0xIDUgMiA2IDIgMCAzLTIgMi01LTEtMi0yLTMtNC0xIiBmaWxsLXJ1bGU9ImV2ZW5vZGQiLz48L3N2Zz4="`;

exports[`resize image by width attribute 1`] = `"data:image/png;base64,iVBORw0KGgoAAAANSUhEUgAAABgAAAAOCAMAAAACJixMAAAABlBMVEXLy8vOzs5TVUlIAAAACXBIWXMAAA7EAAAOxAGVKw4bAAAAKklEQVQYlWNgxAEYKJBgAAFGdAmwKATglICJ0FIC3blo4iT7nAGbBEQQAK8lAPsgd+weAAAAAElFTkSuQmCC"`;

exports[`skip srcset and dataUri 1`] = `"<img class=\\"g-image\\" src=\\"/assets/static/1000x600.97c148e.test.png\\" width=\\"1000\\" height=\\"600\\">"`;
